<html>
<body>
<pre>
<h1>µVision Build Log</h1>
<h2>Project:</h2>
F:\work\pcb\FPInterro\code\FPInterro.uvproj
Project File Date:  08/15/2014

<h2>Output:</h2>
Build target 'FPInterro'
compiling main.c...
main.c(205): warning:  #177-D: variable "tcp_send_stat" was declared but never referenced
        s8_t tcp_send_stat=-1;
main.c: 1 warning, 0 errors
linking...
Program Size: Code=13856 RO-data=688 RW-data=200 ZI-data=143072  
FromELF: creating hex file...
".\obj\FPInterro.axf" - 0 Error(s), 1 Warning(s).
